Archive member included to satisfy reference by file (symbol)

/home/ubuntu/.pebble-sdk/SDKs/current/sdk-core/pebble/aplite/lib/libpebble.a(tmp7jpKUopebble.o)
                              src/c/main.c.49.o (accel_tap_service_subscribe)
/home/ubuntu/.pebble-sdk/SDKs/4.9.169/toolchain/arm-none-eabi/bin/../lib/gcc/arm-none-eabi/14.2.1/thumb/v7-m/nofp/libgcc.a(_aeabi_ldivmod.o)
                              src/c/main.c.49.o (__aeabi_ldivmod)
/home/ubuntu/.pebble-sdk/SDKs/4.9.169/toolchain/arm-none-eabi/bin/../lib/gcc/arm-none-eabi/14.2.1/thumb/v7-m/nofp/libgcc.a(_udivmoddi4.o)
                              /home/ubuntu/.pebble-sdk/SDKs/4.9.169/toolchain/arm-none-eabi/bin/../lib/gcc/arm-none-eabi/14.2.1/thumb/v7-m/nofp/libgcc.a(_aeabi_ldivmod.o) (__udivmoddi4)
/home/ubuntu/.pebble-sdk/SDKs/4.9.169/toolchain/arm-none-eabi/bin/../lib/gcc/arm-none-eabi/14.2.1/thumb/v7-m/nofp/libgcc.a(_dvmd_tls.o)
                              /home/ubuntu/.pebble-sdk/SDKs/4.9.169/toolchain/arm-none-eabi/bin/../lib/gcc/arm-none-eabi/14.2.1/thumb/v7-m/nofp/libgcc.a(_aeabi_ldivmod.o) (__aeabi_ldiv0)
/home/ubuntu/.pebble-sdk/SDKs/4.9.169/toolchain/arm-none-eabi/bin/../lib/gcc/arm-none-eabi/14.2.1/../../../../arm-none-eabi/lib/thumb/v7-m/nofp/libc.a(libc_a-atexit.o)
                              /home/ubuntu/.pebble-sdk/SDKs/4.9.169/toolchain/arm-none-eabi/bin/../lib/gcc/arm-none-eabi/14.2.1/../../../../arm-none-eabi/lib/thumb/v7-m/nofp/crt0.o (atexit)
/home/ubuntu/.pebble-sdk/SDKs/4.9.169/toolchain/arm-none-eabi/bin/../lib/gcc/arm-none-eabi/14.2.1/../../../../arm-none-eabi/lib/thumb/v7-m/nofp/libc.a(libc_a-exit.o)
                              /home/ubuntu/.pebble-sdk/SDKs/4.9.169/toolchain/arm-none-eabi/bin/../lib/gcc/arm-none-eabi/14.2.1/../../../../arm-none-eabi/lib/thumb/v7-m/nofp/crt0.o (exit)
/home/ubuntu/.pebble-sdk/SDKs/4.9.169/toolchain/arm-none-eabi/bin/../lib/gcc/arm-none-eabi/14.2.1/../../../../arm-none-eabi/lib/thumb/v7-m/nofp/libc.a(libc_a-findfp.o)
                              /home/ubuntu/.pebble-sdk/SDKs/4.9.169/toolchain/arm-none-eabi/bin/../lib/gcc/arm-none-eabi/14.2.1/../../../../arm-none-eabi/lib/thumb/v7-m/nofp/libc.a(libc_a-exit.o) (__stdio_exit_handler)
/home/ubuntu/.pebble-sdk/SDKs/4.9.169/toolchain/arm-none-eabi/bin/../lib/gcc/arm-none-eabi/14.2.1/../../../../arm-none-eabi/lib/thumb/v7-m/nofp/libc.a(libc_a-fwalk.o)
                              /home/ubuntu/.pebble-sdk/SDKs/4.9.169/toolchain/arm-none-eabi/bin/../lib/gcc/arm-none-eabi/14.2.1/../../../../arm-none-eabi/lib/thumb/v7-m/nofp/libc.a(libc_a-findfp.o) (_fwalk_sglue)
/home/ubuntu/.pebble-sdk/SDKs/4.9.169/toolchain/arm-none-eabi/bin/../lib/gcc/arm-none-eabi/14.2.1/../../../../arm-none-eabi/lib/thumb/v7-m/nofp/libc.a(libc_a-stdio.o)
                              /home/ubuntu/.pebble-sdk/SDKs/4.9.169/toolchain/arm-none-eabi/bin/../lib/gcc/arm-none-eabi/14.2.1/../../../../arm-none-eabi/lib/thumb/v7-m/nofp/libc.a(libc_a-findfp.o) (__sread)
/home/ubuntu/.pebble-sdk/SDKs/4.9.169/toolchain/arm-none-eabi/bin/../lib/gcc/arm-none-eabi/14.2.1/../../../../arm-none-eabi/lib/thumb/v7-m/nofp/libc.a(libc_a-closer.o)
                              /home/ubuntu/.pebble-sdk/SDKs/4.9.169/toolchain/arm-none-eabi/bin/../lib/gcc/arm-none-eabi/14.2.1/../../../../arm-none-eabi/lib/thumb/v7-m/nofp/libc.a(libc_a-stdio.o) (_close_r)
/home/ubuntu/.pebble-sdk/SDKs/4.9.169/toolchain/arm-none-eabi/bin/../lib/gcc/arm-none-eabi/14.2.1/../../../../arm-none-eabi/lib/thumb/v7-m/nofp/libc.a(libc_a-reent.o)
                              /home/ubuntu/.pebble-sdk/SDKs/4.9.169/toolchain/arm-none-eabi/bin/../lib/gcc/arm-none-eabi/14.2.1/../../../../arm-none-eabi/lib/thumb/v7-m/nofp/libc.a(libc_a-closer.o) (errno)
/home/ubuntu/.pebble-sdk/SDKs/4.9.169/toolchain/arm-none-eabi/bin/../lib/gcc/arm-none-eabi/14.2.1/../../../../arm-none-eabi/lib/thumb/v7-m/nofp/libc.a(libc_a-impure.o)
                              /home/ubuntu/.pebble-sdk/SDKs/4.9.169/toolchain/arm-none-eabi/bin/../lib/gcc/arm-none-eabi/14.2.1/../../../../arm-none-eabi/lib/thumb/v7-m/nofp/libc.a(libc_a-reent.o) (_impure_ptr)
/home/ubuntu/.pebble-sdk/SDKs/4.9.169/toolchain/arm-none-eabi/bin/../lib/gcc/arm-none-eabi/14.2.1/../../../../arm-none-eabi/lib/thumb/v7-m/nofp/libc.a(libc_a-lseekr.o)
                              /home/ubuntu/.pebble-sdk/SDKs/4.9.169/toolchain/arm-none-eabi/bin/../lib/gcc/arm-none-eabi/14.2.1/../../../../arm-none-eabi/lib/thumb/v7-m/nofp/libc.a(libc_a-stdio.o) (_lseek_r)
/home/ubuntu/.pebble-sdk/SDKs/4.9.169/toolchain/arm-none-eabi/bin/../lib/gcc/arm-none-eabi/14.2.1/../../../../arm-none-eabi/lib/thumb/v7-m/nofp/libc.a(libc_a-readr.o)
                              /home/ubuntu/.pebble-sdk/SDKs/4.9.169/toolchain/arm-none-eabi/bin/../lib/gcc/arm-none-eabi/14.2.1/../../../../arm-none-eabi/lib/thumb/v7-m/nofp/libc.a(libc_a-stdio.o) (_read_r)
/home/ubuntu/.pebble-sdk/SDKs/4.9.169/toolchain/arm-none-eabi/bin/../lib/gcc/arm-none-eabi/14.2.1/../../../../arm-none-eabi/lib/thumb/v7-m/nofp/libc.a(libc_a-writer.o)
[...]
Memory Configuration

Name             Origin             Length             Attributes
APP              0x00000000         0x00006000         xrw
*default*        0x00000000         0xffffffff

Linker script and memory map

LOAD /home/ubuntu/.pebble-sdk/SDKs/4.9.169/toolchain/arm-none-eabi/bin/../lib/gcc/arm-none-eabi/14.2.1/thumb/v7-m/nofp/crti.o
LOAD /home/ubuntu/.pebble-sdk/SDKs/4.9.169/toolchain/arm-none-eabi/bin/../lib/gcc/arm-none-eabi/14.2.1/thumb/v7-m/nofp/crtbegin.o
LOAD /home/ubuntu/.pebble-sdk/SDKs/4.9.169/toolchain/arm-none-eabi/bin/../lib/gcc/arm-none-eabi/14.2.1/../../../../arm-none-eabi/lib/thumb/v7-m/nofp/crt0.o
LOAD src/c/main.c.49.o
LOAD aplite/appinfo.auto.c.49.o
LOAD aplite/src/resource_ids.auto.c.49.o
LOAD src/message_keys.auto.c.49.o
LOAD /home/ubuntu/.pebble-sdk/SDKs/current/sdk-core/pebble/aplite/lib/libpebble.a
START GROUP
LOAD /home/ubuntu/.pebble-sdk/SDKs/4.9.169/toolchain/arm-none-eabi/bin/../lib/gcc/arm-none-eabi/14.2.1/thumb/v7-m/nofp/libgcc.a
LOAD /home/ubuntu/.pebble-sdk/SDKs/4.9.169/toolchain/arm-none-eabi/bin/../lib/gcc/arm-none-eabi/14.2.1/../../../../arm-none-eabi/lib/thumb/v7-m/nofp/libc.a
END GROUP
LOAD /home/ubuntu/.pebble-sdk/SDKs/4.9.169/toolchain/arm-none-eabi/bin/../lib/gcc/arm-none-eabi/14.2.1/thumb/v7-m/nofp/crtend.o
LOAD /home/ubuntu/.pebble-sdk/SDKs/4.9.169/toolchain/arm-none-eabi/bin/../lib/gcc/arm-none-eabi/14.2.1/thumb/v7-m/nofp/crtn.o

.header         0x00000000       0x82
 *(.pbl_header)
 .pbl_header    0x00000000       0x82 aplite/appinfo.auto.c.49.o
                0x00000000                __pbl_app_info

.note.gnu.build-id
                0x00000082       0x26
                [!provide]                        PROVIDE (BUILD_ID = .)
 *(.note.gnu.build-id)
 *fill*         0x00000082        0x2 
 .note.gnu.build-id
                0x00000084       0x24 linker stubs

.text           0x000000a8     0x2ed8
 *(.text)
 .text          0x000000a8       0x14 /home/ubuntu/.pebble-sdk/SDKs/current/sdk-core/pebble/aplite/lib/libpebble.a(tmp7jpKUopebble.o)
 .text          0x000000bc       0xa0 /home/ubuntu/.pebble-sdk/SDKs/4.9.169/toolchain/arm-none-eabi/bin/../lib/gcc/arm-none-eabi/14.2.1/thumb/v7-m/nofp/libgcc.a(_aeabi_ldivmod.o)
                0x000000bc                __aeabi_ldivmod
 .text          0x0000015c        0x4 /home/ubuntu/.pebble-sdk/SDKs/4.9.169/toolchain/arm-none-eabi/bin/../lib/gcc/arm-none-eabi/14.2.1/thumb/v7-m/nofp/libgcc.a(_dvmd_tls.o)
                0x0000015c                __aeabi_ldiv0
                0x0000015c                __aeabi_idiv0
 *(.text.*)
 .text.rgb_to_gcolor
                0x00000160       0x22 src/c/main.c.49.o
 .text.hour_to_rainbow_color
                0x00000182       0x6e src/c/main.c.49.o
 .text.needs_second_ticks
                0x000001f0       0x28 src/c/main.c.49.o
 .text.test_timer_callback
                0x00000218       0x4c src/c/main.c.49.o
 .text.shake_timer_callback
                0x00000264       0x44 src/c/main.c.49.o
 .text.tick_handler
                0x000002a8      0x124 src/c/main.c.49.o
 .text.polar_to_point
                0x000003cc       0x4c src/c/main.c.49.o
 .text.square_perimeter_point
                0x00000418      0x14c src/c/main.c.49.o
 .text.cache_sunrise_sunset_markers
                0x00000564      0x178 src/c/main.c.49.o
 .text.start_test
                0x000006dc       0x90 src/c/main.c.49.o
 .text.numbers_timer_callback
                0x0000076c       0x70 src/c/main.c.49.o
 .text.bt_handler
                0x000007dc       0x5c src/c/main.c.49.o
 .text.window_unload
                0x00000838       0x4c src/c/main.c.49.o
 .text.window_load
                0x00000884       0xf0 src/c/main.c.49.o
 .text.draw_inittick_hand
                0x00000974      0x108 src/c/main.c.49.o
 .text.minute_layer_update
                0x00000a7c      0x204 src/c/main.c.49.o
 .text.hour_layer_update
                0x00000c80       0xbc src/c/main.c.49.o
 .text.get_number_font
                0x00000d3c       0xc0 src/c/main.c.49.o
 .text.cache_number_sizes
                0x00000dfc       0x7c src/c/main.c.49.o
 .text.draw_centred_text
                0x00000e78       0x96 src/c/main.c.49.o
 *fill*         0x00000f0e        0x2 
 .text.complication_layer_update
                0x00000f10      0x1cc src/c/main.c.49.o
 .text.update_tick_subscription
                0x000010dc       0x40 src/c/main.c.49.o
 .text.seconds_timer_callback
                0x0000111c       0x30 src/c/main.c.49.o
 .text.accel_tap_handler
                0x0000114c      0x134 src/c/main.c.49.o
 .text.inbox_received_handler
                0x00001280      0x69c src/c/main.c.49.o
 .text.battery_handler
                0x0000191c       0x6c src/c/main.c.49.o
 .text.seconds_layer_update
                0x00001988       0xd8 src/c/main.c.49.o
 .text.bg_layer_update
                0x00001a60      0xb3c src/c/main.c.49.o
 .text.startup.main
                0x0000259c      0x2ac src/c/main.c.49.o
                0x0000259c                main
 .text.accel_tap_service_subscribe
                0x00002848        0xc /home/ubuntu/.pebble-sdk/SDKs/current/sdk-core/pebble/aplite/lib/libpebble.a(tmp7jpKUopebble.o)
                0x00002848                accel_tap_service_subscribe
 .text.accel_tap_service_unsubscribe
                0x00002854        0xc /home/ubuntu/.pebble-sdk/SDKs/current/sdk-core/pebble/aplite/lib/libpebble.a(tmp7jpKUopebble.o)
                0x00002854                accel_tap_service_unsubscribe
 .text.app_event_loop
                0x00002860        0xc /home/ubuntu/.pebble-sdk/SDKs/current/sdk-core/pebble/aplite/lib/libpebble.a(tmp7jpKUopebble.o)
                0x00002860                app_event_loop
 .text.app_message_open
                0x0000286c        0xc /home/ubuntu/.pebble-sdk/SDKs/current/sdk-core/pebble/aplite/lib/libpebble.a(tmp7jpKUopebble.o)
                0x0000286c                app_message_open
 .text.app_timer_cancel
                0x00002878        0xc /home/ubuntu/.pebble-sdk/SDKs/current/sdk-core/pebble/aplite/lib/libpebble.a(tmp7jpKUopebble.o)
                0x00002878                app_timer_cancel
 .text.app_timer_register
                0x00002884        0xc /home/ubuntu/.pebble-sdk/SDKs/current/sdk-core/pebble/aplite/lib/libpebble.a(tmp7jpKUopebble.o)
                0x00002884                app_timer_register
 .text.battery_state_service_peek
                0x00002890        0xc /home/ubuntu/.pebble-sdk/SDKs/current/sdk-core/pebble/aplite/lib/libpebble.a(tmp7jpKUopebble.o)
                0x00002890                battery_state_service_peek
 .text.battery_state_service_subscribe
                0x0000289c        0xc /home/ubuntu/.pebble-sdk/SDKs/current/sdk-core/pebble/aplite/lib/libpebble.a(tmp7jpKUopebble.o)
                0x0000289c                battery_state_service_subscribe
 .text.battery_state_service_unsubscribe
                0x000028a8        0xc /home/ubuntu/.pebble-sdk/SDKs/current/sdk-core/pebble/aplite/lib/libpebble.a(tmp7jpKUopebble.o)
                0x000028a8                battery_state_service_unsubscribe
 .text.cos_lookup
                0x000028b4        0xc /home/ubuntu/.pebble-sdk/SDKs/current/sdk-core/pebble/aplite/lib/libpebble.a(tmp7jpKUopebble.o)
                0x000028b4                cos_lookup
 .text.dict_find
                0x000028c0        0xc /home/ubuntu/.pebble-sdk/SDKs/current/sdk-core/pebble/aplite/lib/libpebble.a(tmp7jpKUopebble.o)
                0x000028c0                dict_find
 .text.fonts_get_system_font
                0x000028cc        0xc /home/ubuntu/.pebble-sdk/SDKs/current/sdk-core/pebble/aplite/lib/libpebble.a(tmp7jpKUopebble.o)
                0x000028cc                fonts_get_system_font
 .text.graphics_draw_line
                0x000028d8        0xc /home/ubuntu/.pebble-sdk/SDKs/current/sdk-core/pebble/aplite/lib/libpebble.a(tmp7jpKUopebble.o)
                0x000028d8                graphics_draw_line
 .text.graphics_fill_circle
                0x000028e4        0xc /home/ubuntu/.pebble-sdk/SDKs/current/sdk-core/pebble/aplite/lib/libpebble.a(tmp7jpKUopebble.o)
                0x000028e4                graphics_fill_circle
 .text.graphics_fill_rect
                0x000028f0        0xc /home/ubuntu/.pebble-sdk/SDKs/current/sdk-core/pebble/aplite/lib/libpebble.a(tmp7jpKUopebble.o)
                0x000028f0                graphics_fill_rect
 .text.layer_add_child
                0x000028fc        0xc /home/ubuntu/.pebble-sdk/SDKs/current/sdk-core/pebble/aplite/lib/libpebble.a(tmp7jpKUopebble.o)
                0x000028fc                layer_add_child
 .text.layer_create
                0x00002908        0xc /home/ubuntu/.pebble-sdk/SDKs/current/sdk-core/pebble/aplite/lib/libpebble.a(tmp7jpKUopebble.o)
                0x00002908                layer_create
 .text.layer_destroy
                0x00002914        0xc /home/ubuntu/.pebble-sdk/SDKs/current/sdk-core/pebble/aplite/lib/libpebble.a(tmp7jpKUopebble.o)
                0x00002914                layer_destroy
 .text.layer_get_bounds
                0x00002920        0xc /home/ubuntu/.pebble-sdk/SDKs/current/sdk-core/pebble/aplite/lib/libpebble.a(tmp7jpKUopebble.o)
                0x00002920                layer_get_bounds
 .text.layer_mark_dirty
                0x0000292c        0xc /home/ubuntu/.pebble-sdk/SDKs/current/sdk-core/pebble/aplite/lib/libpebble.a(tmp7jpKUopebble.o)
                0x0000292c                layer_mark_dirty
 .text.layer_set_update_proc
                0x00002938        0xc /home/ubuntu/.pebble-sdk/SDKs/current/sdk-core/pebble/aplite/lib/libpebble.a(tmp7jpKUopebble.o)
                0x00002938                layer_set_update_proc
 .text.memset   0x00002944        0xc /home/ubuntu/.pebble-sdk/SDKs/current/sdk-core/pebble/aplite/lib/libpebble.a(tmp7jpKUopebble.o)
                0x00002944                memset
 .text.persist_exists
                0x00002950        0xc /home/ubuntu/.pebble-sdk/SDKs/current/sdk-core/pebble/aplite/lib/libpebble.a(tmp7jpKUopebble.o)
                0x00002950                persist_exists
 .text.persist_read_int
                0x0000295c        0xc /home/ubuntu/.pebble-sdk/SDKs/current/sdk-core/pebble/aplite/lib/libpebble.a(tmp7jpKUopebble.o)
                0x0000295c                persist_read_int
 .text.persist_write_int
                0x00002968        0xc /home/ubuntu/.pebble-sdk/SDKs/current/sdk-core/pebble/aplite/lib/libpebble.a(tmp7jpKUopebble.o)
                0x00002968                persist_write_int
 .text.sin_lookup
                0x00002974        0xc /home/ubuntu/.pebble-sdk/SDKs/current/sdk-core/pebble/aplite/lib/libpebble.a(tmp7jpKUopebble.o)
                0x00002974                sin_lookup
 .text.snprintf
                0x00002980        0xc /home/ubuntu/.pebble-sdk/SDKs/current/sdk-core/pebble/aplite/lib/libpebble.a(tmp7jpKUopebble.o)
                0x00002980                snprintf
 .text.tick_timer_service_subscribe
                0x0000298c        0xc /home/ubuntu/.pebble-sdk/SDKs/current/sdk-core/pebble/aplite/lib/libpebble.a(tmp7jpKUopebble.o)
                0x0000298c                tick_timer_service_subscribe
 .text.tick_timer_service_unsubscribe
                0x00002998        0xc /home/ubuntu/.pebble-sdk/SDKs/current/sdk-core/pebble/aplite/lib/libpebble.a(tmp7jpKUopebble.o)
                0x00002998                tick_timer_service_unsubscribe
 .text.vibes_double_pulse
                0x000029a4        0xc /home/ubuntu/.pebble-sdk/SDKs/current/sdk-core/pebble/aplite/lib/libpebble.a(tmp7jpKUopebble.o)
                0x000029a4                vibes_double_pulse
 .text.vibes_short_pulse
                0x000029b0        0xc /home/ubuntu/.pebble-sdk/SDKs/current/sdk-core/pebble/aplite/lib/libpebble.a(tmp7jpKUopebble.o)
                0x000029b0                vibes_short_pulse
 .text.window_create
                0x000029bc        0xc /home/ubuntu/.pebble-sdk/SDKs/current/sdk-core/pebble/aplite/lib/libpebble.a(tmp7jpKUopebble.o)
                0x000029bc                window_create
 .text.window_destroy
                0x000029c8        0xc /home/ubuntu/.pebble-sdk/SDKs/current/sdk-core/pebble/aplite/lib/libpebble.a(tmp7jpKUopebble.o)
                0x000029c8                window_destroy
 .text.window_get_root_layer
                0x000029d4        0xc /home/ubuntu/.pebble-sdk/SDKs/current/sdk-core/pebble/aplite/lib/libpebble.a(tmp7jpKUopebble.o)
                0x000029d4                window_get_root_layer
 .text.window_set_window_handlers
                0x000029e0        0xc /home/ubuntu/.pebble-sdk/SDKs/current/sdk-core/pebble/aplite/lib/libpebble.a(tmp7jpKUopebble.o)
                0x000029e0                window_set_window_handlers
 .text.window_stack_push
                0x000029ec        0xc /home/ubuntu/.pebble-sdk/SDKs/current/sdk-core/pebble/aplite/lib/libpebble.a(tmp7jpKUopebble.o)
                0x000029ec                window_stack_push
 .text.app_message_register_inbox_received
                0x000029f8        0xc /home/ubuntu/.pebble-sdk/SDKs/current/sdk-core/pebble/aplite/lib/libpebble.a(tmp7jpKUopebble.o)
                0x000029f8                app_message_register_inbox_received
 .text.graphics_draw_text
                0x00002a04        0xc /home/ubuntu/.pebble-sdk/SDKs/current/sdk-core/pebble/aplite/lib/libpebble.a(tmp7jpKUopebble.o)
                0x00002a04                graphics_draw_text
 .text.persist_read_data
                0x00002a10        0xc /home/ubuntu/.pebble-sdk/SDKs/current/sdk-core/pebble/aplite/lib/libpebble.a(tmp7jpKUopebble.o)
                0x00002a10                persist_read_data
 .text.persist_write_data
                0x00002a1c        0xc /home/ubuntu/.pebble-sdk/SDKs/current/sdk-core/pebble/aplite/lib/libpebble.a(tmp7jpKUopebble.o)
                0x00002a1c                persist_write_data
 .text.graphics_text_layout_get_content_size
                0x00002a28        0xc /home/ubuntu/.pebble-sdk/SDKs/current/sdk-core/pebble/aplite/lib/libpebble.a(tmp7jpKUopebble.o)
                0x00002a28                graphics_text_layout_get_content_size
 .text.gcolor_equal
                0x00002a34        0xc /home/ubuntu/.pebble-sdk/SDKs/current/sdk-core/pebble/aplite/lib/libpebble.a(tmp7jpKUopebble.o)
                0x00002a34                gcolor_equal
 .text.graphics_context_set_fill_color
                0x00002a40        0xc /home/ubuntu/.pebble-sdk/SDKs/current/sdk-core/pebble/aplite/lib/libpebble.a(tmp7jpKUopebble.o)
                0x00002a40                graphics_context_set_fill_color
 .text.graphics_context_set_stroke_color
                0x00002a4c        0xc /home/ubuntu/.pebble-sdk/SDKs/current/sdk-core/pebble/aplite/lib/libpebble.a(tmp7jpKUopebble.o)
                0x00002a4c                graphics_context_set_stroke_color
 .text.graphics_context_set_text_color
                0x00002a58        0xc /home/ubuntu/.pebble-sdk/SDKs/current/sdk-core/pebble/aplite/lib/libpebble.a(tmp7jpKUopebble.o)
                0x00002a58                graphics_context_set_text_color
 .text.window_set_background_color
                0x00002a64        0xc /home/ubuntu/.pebble-sdk/SDKs/current/sdk-core/pebble/aplite/lib/libpebble.a(tmp7jpKUopebble.o)
                0x00002a64                window_set_background_color
 .text.localtime
                0x00002a70        0xc /home/ubuntu/.pebble-sdk/SDKs/current/sdk-core/pebble/aplite/lib/libpebble.a(tmp7jpKUopebble.o)
                0x00002a70                localtime
 .text.graphics_context_set_stroke_width
                0x00002a7c        0xc /home/ubuntu/.pebble-sdk/SDKs/current/sdk-core/pebble/aplite/lib/libpebble.a(tmp7jpKUopebble.o)
                0x00002a7c                graphics_context_set_stroke_width
 .text.time     0x00002a88        0xc /home/ubuntu/.pebble-sdk/SDKs/current/sdk-core/pebble/aplite/lib/libpebble.a(tmp7jpKUopebble.o)
                0x00002a88                time
 .text.connection_service_peek_pebble_app_connection
                0x00002a94        0xc /home/ubuntu/.pebble-sdk/SDKs/current/sdk-core/pebble/aplite/lib/libpebble.a(tmp7jpKUopebble.o)
                0x00002a94                connection_service_peek_pebble_app_connection
 .text.connection_service_subscribe
                0x00002aa0        0xc /home/ubuntu/.pebble-sdk/SDKs/current/sdk-core/pebble/aplite/lib/libpebble.a(tmp7jpKUopebble.o)
                0x00002aa0                connection_service_subscribe
 .text.connection_service_unsubscribe
                0x00002aac        0xc /home/ubuntu/.pebble-sdk/SDKs/current/sdk-core/pebble/aplite/lib/libpebble.a(tmp7jpKUopebble.o)
                0x00002aac                connection_service_unsubscribe
 .text.__udivmoddi4
                0x00002ab8      0x2f4 /home/ubuntu/.pebble-sdk/SDKs/4.9.169/toolchain/arm-none-eabi/bin/../lib/gcc/arm-none-eabi/14.2.1/thumb/v7-m/nofp/libgcc.a(_udivmoddi4.o)
                0x00002ab8                __udivmoddi4
 *(.rodata)
 .rodata        0x00002dac        0x3 src/c/main.c.49.o
 *(.rodata*)
 .rodata.get_number_font.str1.1
                0x00002daf      0x141 src/c/main.c.49.o
                                 0xd4 (size before relaxing)
 .rodata.complication_layer_update.str1.1
                0x00002ef0       0x3e src/c/main.c.49.o
 .rodata.CSWTCH.218
                0x00002ef0       0x20 src/c/main.c.49.o
 .rodata.str1.1
                0x00002f10       0x37 src/c/main.c.49.o
 .rodata.GPATH_BOUNDS
                0x00002f10       0x70 src/c/main.c.49.o

.glue_7         0x00002f80        0x0
 .glue_7        0x00002f80        0x0 linker stubs

.glue_7t        0x00002f80        0x0
 .glue_7t       0x00002f80        0x0 linker stubs

.vfp11_veneer   0x00002f80        0x0
 .vfp11_veneer  0x00002f80        0x0 linker stubs

.v4_bx          0x00002f80        0x0
 .v4_bx         0x00002f80        0x0 linker stubs

.init           0x00002f80        0x4
 .init          0x00002f80        0x4 /home/ubuntu/.pebble-sdk/SDKs/4.9.169/toolchain/arm-none-eabi/bin/../lib/gcc/arm-none-eabi/14.2.1/thumb/v7-m/nofp/crti.o
                0x00002f80                _init

.fini           0x00002f84        0x4
 .fini          0x00002f84        0x4 /home/ubuntu/.pebble-sdk/SDKs/4.9.169/toolchain/arm-none-eabi/bin/../lib/gcc/arm-none-eabi/14.2.1/thumb/v7-m/nofp/crti.o
                0x00002f84                _fini

.iplt           0x00002f88        0x0
 .iplt          0x00002f88        0x0 src/c/main.c.49.o

.rel.dyn        0x00002f88        0x0
 .rel.iplt      0x00002f88        0x0 src/c/main.c.49.o
 .rel.got       0x00002f88        0x0 src/c/main.c.49.o

.ARM.exidx.text.__udivmoddi4
                0x00002f88        0x8
 .ARM.exidx.text.__udivmoddi4
                0x00002f88        0x8 /home/ubuntu/.pebble-sdk/SDKs/4.9.169/toolchain/arm-none-eabi/bin/../lib/gcc/arm-none-eabi/14.2.1/thumb/v7-m/nofp/libgcc.a(_udivmoddi4.o)

.data           0x00002f90      0x614
 *(.data)
 .data          0x00002f90        0x0 /home/ubuntu/.pebble-sdk/SDKs/4.9.169/toolchain/arm-none-eabi/bin/../lib/gcc/arm-none-eabi/14.2.1/thumb/v7-m/nofp/crti.o
 .data          0x00002f90        0x0 /home/ubuntu/.pebble-sdk/SDKs/4.9.169/toolchain/arm-none-eabi/bin/../lib/gcc/arm-none-eabi/14.2.1/thumb/v7-m/nofp/crtbegin.o
 .data          0x00002f90        0x0 /home/ubuntu/.pebble-sdk/SDKs/4.9.169/toolchain/arm-none-eabi/bin/../lib/gcc/arm-none-eabi/14.2.1/../../../../arm-none-eabi/lib/thumb/v7-m/nofp/crt0.o
 .data          0x00002f90        0x0 src/c/main.c.49.o
 .data          0x00002f90        0x0 aplite/appinfo.auto.c.49.o
 .data          0x00002f90        0x0 aplite/src/resource_ids.auto.c.49.o
 .data          0x00002f90        0x0 src/message_keys.auto.c.49.o
 .data          0x00002f90        0x0 /home/ubuntu/.pebble-sdk/SDKs/current/sdk-core/pebble/aplite/lib/libpebble.a(tmp7jpKUopebble.o)
 .data          0x00002f90        0x0 /home/ubuntu/.pebble-sdk/SDKs/4.9.169/toolchain/arm-none-eabi/bin/../lib/gcc/arm-none-eabi/14.2.1/thumb/v7-m/nofp/libgcc.a(_aeabi_ldivmod.o)
 .data          0x00002f90        0x0 /home/ubuntu/.pebble-sdk/SDKs/4.9.169/toolchain/arm-none-eabi/bin/../lib/gcc/arm-none-eabi/14.2.1/thumb/v7-m/nofp/libgcc.a(_udivmoddi4.o)
 .data          0x00002f90        0x0 /home/ubuntu/.pebble-sdk/SDKs/4.9.169/toolchain/arm-none-eabi/bin/../lib/gcc/arm-none-eabi/14.2.1/thumb/v7-m/nofp/libgcc.a(_dvmd_tls.o)
 .data          0x00002f90        0x0 /home/ubuntu/.pebble-sdk/SDKs/4.9.169/toolchain/arm-none-eabi/bin/../lib/gcc/arm-none-eabi/14.2.1/../../../../arm-none-eabi/lib/thumb/v7-m/nofp/libc.a(libc_a-atexit.o)
 .data          0x00002f90        0x0 /home/ubuntu/.pebble-sdk/SDKs/4.9.169/toolchain/arm-none-eabi/bin/../lib/gcc/arm-none-eabi/14.2.1/../../../../arm-none-eabi/lib/thumb/v7-m/nofp/libc.a(libc_a-exit.o)
 .data          0x00002f90        0x0 /home/ubuntu/.pebble-sdk/SDKs/4.9.169/toolchain/arm-none-eabi/bin/../lib/gcc/arm-none-eabi/14.2.1/../../../../arm-none-eabi/lib/thumb/v7-m/nofp/libc.a(libc_a-findfp.o)
 .data          0x00002f90        0x0 /home/ubuntu/.pebble-sdk/SDKs/4.9.169/toolchain/arm-none-eabi/bin/../lib/gcc/arm-none-eabi/14.2.1/../../../../arm-none-eabi/lib/thumb/v7-m/nofp/libc.a(libc_a-fwalk.o)
 .data          0x00002f90        0x0 /home/ubuntu/.pebble-sdk/SDKs/4.9.169/toolchain/arm-none-eabi/bin/../lib/gcc/arm-none-eabi/14.2.1/../../../../arm-none-eabi/lib/thumb/v7-m/nofp/libc.a(libc_a-stdio.o)
 .data          0x00002f90        0x0 /home/ubuntu/.pebble-sdk/SDKs/4.9.169/toolchain/arm-none-eabi/bin/../lib/gcc/arm-none-eabi/14.2.1/../../../../arm-none-eabi/lib/thumb/v7-m/nofp/libc.a(libc_a-closer.o)
 .data          0x00002f90        0x0 /home/ubuntu/.pebble-sdk/SDKs/4.9.169/toolchain/arm-none-eabi/bin/../lib/gcc/arm-none-eabi/14.2.1/../../../../arm-none-eabi/lib/thumb/v7-m/nofp/libc.a(libc_a-reent.o)
 .data          0x00002f90        0x0 /home/ubuntu/.pebble-sdk/SDKs/4.9.169/toolchain/arm-none-eabi/bin/../lib/gcc/arm-none-eabi/14.2.1/../../../../arm-none-eabi/lib/thumb/v7-m/nofp/libc.a(libc_a-impure.o)
 .data          0x00002f90        0x0 /home/ubuntu/.pebble-sdk/SDKs/4.9.169/toolchain/arm-none-eabi/bin/../lib/gcc/arm-none-eabi/14.2.1/../../../../arm-none-eabi/lib/thumb/v7-m/nofp/libc.a(libc_a-lseekr.o)
 .data          0x00002f90        0x0 /home/ubuntu/.pebble-sdk/SDKs/4.9.169/toolchain/arm-none-eabi/bin/../lib/gcc/arm-none-eabi/14.2.1/../../../../arm-none-eabi/lib/thumb/v7-m/nofp/libc.a(libc_a-readr.o)
 .data          0x00002f90        0x0 /home/ubuntu/.pebble-sdk/SDKs/4.9.169/toolchain/arm-none-eabi/bin/../lib/gcc/arm-none-eabi/14.2.1/../../../../arm-none-eabi/lib/thumb/v7-m/nofp/libc.a(libc_a-writer.o)
 .data          0x00002f90        0x0 /home/ubuntu/.pebble-sdk/SDKs/4.9.169/toolchain/arm-none-eabi/bin/../lib/gcc/arm-none-eabi/14.2.1/../../../../arm-none-eabi/lib/thumb/v7-m/nofp/libc.a(libc_a-init.o)
 .data          0x00002f90        0x0 /home/ubuntu/.pebble-sdk/SDKs/4.9.169/toolchain/arm-none-eabi/bin/../lib/gcc/arm-none-eabi/14.2.1/../../../../arm-none-eabi/lib/thumb/v7-m/nofp/libc.a(libc_a-fini.o)
 .data          0x00002f90        0x0 /home/ubuntu/.pebble-sdk/SDKs/4.9.169/toolchain/arm-none-eabi/bin/../lib/gcc/arm-none-eabi/14.2.1/../../../../arm-none-eabi/lib/thumb/v7-m/nofp/libc.a(libc_a-lock.o)
 .data          0x00002f90        0x0 /home/ubuntu/.pebble-sdk/SDKs/4.9.169/toolchain/arm-none-eabi/bin/../lib/gcc/arm-none-eabi/14.2.1/../../../../arm-none-eabi/lib/thumb/v7-m/nofp/libc.a(libc_a-__atexit.o)
 .data          0x00002f90        0x0 /home/ubuntu/.pebble-sdk/SDKs/4.9.169/toolchain/arm-none-eabi/bin/../lib/gcc/arm-none-eabi/14.2.1/../../../../arm-none-eabi/lib/thumb/v7-m/nofp/libc.a(libc_a-__call_atexit.o)
 .data          0x00002f90        0x0 /home/ubuntu/.pebble-sdk/SDKs/4.9.169/toolchain/arm-none-eabi/bin/../lib/gcc/arm-none-eabi/14.2.1/../../../../arm-none-eabi/lib/thumb/v7-m/nofp/libc.a(libc_a-freer.o)
 .data          0x00002f90        0x0 /home/ubuntu/.pebble-sdk/SDKs/4.9.169/toolchain/arm-none-eabi/bin/../lib/gcc/arm-none-eabi/14.2.1/../../../../arm-none-eabi/lib/thumb/v7-m/nofp/libc.a(libc_a-mallocr.o)
 .data          0x00002f90        0x0 /home/ubuntu/.pebble-sdk/SDKs/4.9.169/toolchain/arm-none-eabi/bin/../lib/gcc/arm-none-eabi/14.2.1/../../../../arm-none-eabi/lib/thumb/v7-m/nofp/libc.a(libc_a-mlock.o)
 .data          0x00002f90        0x0 /home/ubuntu/.pebble-sdk/SDKs/4.9.169/toolchain/arm-none-eabi/bin/../lib/gcc/arm-none-eabi/14.2.1/../../../../arm-none-eabi/lib/thumb/v7-m/nofp/libc.a(libc_a-fclose.o)
 .data          0x00002f90        0x0 /home/ubuntu/.pebble-sdk/SDKs/4.9.169/toolchain/arm-none-eabi/bin/../lib/gcc/arm-none-eabi/14.2.1/../../../../arm-none-eabi/lib/thumb/v7-m/nofp/libc.a(libc_a-fflush.o)
 .data          0x00002f90        0x0 /home/ubuntu/.pebble-sdk/SDKs/4.9.169/toolchain/arm-none-eabi/bin/../lib/gcc/arm-none-eabi/14.2.1/../../../../arm-none-eabi/lib/thumb/v7-m/nofp/libc.a(libc_a-sbrkr.o)
 .data          0x00002f90        0x0 /home/ubuntu/.pebble-sdk/SDKs/4.9.169/toolchain/arm-none-eabi/bin/../lib/gcc/arm-none-eabi/14.2.1/../../../../arm-none-eabi/lib/thumb/v7-m/nofp/libc.a(libc_a-sysconf.o)
 .data          0x00002f90        0x0 /home/ubuntu/.pebble-sdk/SDKs/4.9.169/toolchain/arm-none-eabi/bin/../lib/gcc/arm-none-eabi/14.2.1/../../../../arm-none-eabi/lib/thumb/v7-m/nofp/libc.a(libc_a-errno.o)
 .data          0x00002f90        0x0 /home/ubuntu/.pebble-sdk/SDKs/4.9.169/toolchain/arm-none-eabi/bin/../lib/gcc/arm-none-eabi/14.2.1/thumb/v7-m/nofp/crtend.o
 .data          0x00002f90        0x0 /home/ubuntu/.pebble-sdk/SDKs/4.9.169/toolchain/arm-none-eabi/bin/../lib/gcc/arm-none-eabi/14.2.1/thumb/v7-m/nofp/crtn.o
 *(.data.*)
 .data.rel.ro.local.day_names.0
                0x00002f90       0x1c src/c/main.c.49.o
 .data.rel.ro.local.UNKNOWN_PATHS
                0x00002fac       0x18 src/c/main.c.49.o
 .data.__compound_literal.60
                0x00002fc4        0x8 src/c/main.c.49.o
 .data.__compound_literal.59
                0x00002fcc       0x1c src/c/main.c.49.o
 .data.__compound_literal.58
                0x00002fe8       0x14 src/c/main.c.49.o
 .data.rel.ro.local.TIMELINE_MOON_PATHS
                0x00002ffc        0x8 src/c/main.c.49.o
 .data.__compound_literal.57
                0x00003004       0x90 src/c/main.c.49.o
 .data.rel.ro.local.PARTLY_CLOUDY_NIGHT_PATHS
                0x00003094       0x18 src/c/main.c.49.o
 .data.__compound_literal.56
                0x000030ac        0x8 src/c/main.c.49.o
 .data.__compound_literal.55
                0x000030b4       0x34 src/c/main.c.49.o
 .data.__compound_literal.54
                0x000030e8       0x84 src/c/main.c.49.o
 .data.rel.ro.local.TIMELINE_SUN_PATHS
                0x0000316c       0x48 src/c/main.c.49.o
 .data.__compound_literal.53
                0x000031b4        0x8 src/c/main.c.49.o
 .data.__compound_literal.52
                0x000031bc        0x8 src/c/main.c.49.o
 .data.__compound_literal.51
                0x000031c4        0x8 src/c/main.c.49.o
 .data.__compound_literal.50
                0x000031cc        0x8 src/c/main.c.49.o
 .data.__compound_literal.49
                0x000031d4        0x8 src/c/main.c.49.o
 .data.__compound_literal.48
                0x000031dc        0x8 src/c/main.c.49.o
 .data.__compound_literal.47
                0x000031e4        0x8 src/c/main.c.49.o
 .data.__compound_literal.46
                0x000031ec        0x8 src/c/main.c.49.o
 .data.__compound_literal.45
                0x000031f4       0x24 src/c/main.c.49.o
 .data.rel.ro.local.PARTLY_CLOUDY_PATHS
                0x00003218       0x40 src/c/main.c.49.o
 .data.__compound_literal.38
                0x00003258        0x8 src/c/main.c.49.o
 .data.__compound_literal.37
                0x00003260        0x8 src/c/main.c.49.o
 .data.__compound_literal.36
                0x00003268        0x8 src/c/main.c.49.o
 .data.__compound_literal.35
                0x00003270        0x8 src/c/main.c.49.o
 .data.__compound_literal.34
                0x00003278       0x34 src/c/main.c.49.o
 .data.__compound_literal.33
                0x000032ac        0x8 src/c/main.c.49.o
 .data.__compound_literal.32
                0x000032b4        0x8 src/c/main.c.49.o
 .data.__compound_literal.31
                0x000032bc       0x24 src/c/main.c.49.o
 .data.rel.ro.local.LIGHT_RAIN_PATHS
                0x000032e0       0x30 src/c/main.c.49.o
 .data.__compound_literal.24
                0x00003310        0x8 src/c/main.c.49.o
 .data.__compound_literal.23
                0x00003318        0x8 src/c/main.c.49.o
 .data.__compound_literal.22
                0x00003320        0x8 src/c/main.c.49.o
 .data.__compound_literal.21
                0x00003328        0x8 src/c/main.c.49.o
 .data.__compound_literal.20
                0x00003330        0x8 src/c/main.c.49.o
 .data.__compound_literal.19
                0x00003338       0x34 src/c/main.c.49.o
 .data.rel.ro.local.HEAVY_SNOW_PATHS
                0x0000336c       0x40 src/c/main.c.49.o
 .data.__compound_literal.18
                0x000033ac        0x8 src/c/main.c.49.o
 .data.__compound_literal.17
                0x000033b4        0x8 src/c/main.c.49.o
 .data.__compound_literal.16
                0x000033bc        0x8 src/c/main.c.49.o
 .data.__compound_literal.15
                0x000033c4        0x8 src/c/main.c.49.o
 .data.__compound_literal.14
                0x000033cc        0x8 src/c/main.c.49.o
 .data.__compound_literal.13
                0x000033d4        0x8 src/c/main.c.49.o
 .data.__compound_literal.12
                0x000033dc        0x8 src/c/main.c.49.o
 .data.__compound_literal.11
                0x000033e4       0x34 src/c/main.c.49.o
 .data.rel.ro.local.HEAVY_RAIN_PATHS
                0x00003418       0x28 src/c/main.c.49.o
 .data.__compound_literal.10
                0x00003440        0x8 src/c/main.c.49.o
 .data.__compound_literal.9
                0x00003448        0x8 src/c/main.c.49.o
 .data.__compound_literal.8
                0x00003450        0x8 src/c/main.c.49.o
 .data.__compound_literal.7
                0x00003458        0x8 src/c/main.c.49.o
 .data.__compound_literal.6
                0x00003460       0x34 src/c/main.c.49.o
 .data.rel.ro.local.THUNDERSTORM_PATHS
                0x00003494       0x20 src/c/main.c.49.o
 .data.__compound_literal.5
                0x000034b4       0x1c src/c/main.c.49.o
 .data.__compound_literal.4
                0x000034d0        0xc src/c/main.c.49.o
 .data.__compound_literal.3
                0x000034dc       0x18 src/c/main.c.49.o
 .data.__compound_literal.2
                0x000034f4       0x1c src/c/main.c.49.o
 .data.rel.ro.local.CLOUDY_DAY_PATHS
                0x00003510       0x10 src/c/main.c.49.o
 .data.__compound_literal.1
                0x00003520        0x8 src/c/main.c.49.o
 .data.__compound_literal.0
                0x00003528       0x34 src/c/main.c.49.o
 .data.rel.ro.local.s_num_strings
                0x0000355c       0x30 src/c/main.c.49.o
 .data.s_last_hour_angle
                0x0000358c        0x4 src/c/main.c.49.o
 .data.s_bg_last_hour
                0x00003590        0x1 src/c/main.c.49.o
 .data.s_sunset_hour
                0x00003591        0x1 src/c/main.c.49.o
 .data.s_sunrise_hour
                0x00003592        0x1 src/c/main.c.49.o
 .data.s_test_saved_bt_connected
                0x00003593        0x1 src/c/main.c.49.o
 .data.s_battery_pct
                0x00003594        0x1 src/c/main.c.49.o
 .data.s_bt_connected
                0x00003595        0x1 src/c/main.c.49.o
 .data.s_temp_f
                0x00003596        0x2 src/c/main.c.49.o
 .data.s_screen_h
                0x00003598        0x4 src/c/main.c.49.o
 .data.s_screen_w
                0x0000359c        0x4 src/c/main.c.49.o
 .data.MESSAGE_KEY_KEY_BT_DISCONNECT_MIN_INNER_RED
                0x000035a0        0x4 src/message_keys.auto.c.49.o
                0x000035a0                MESSAGE_KEY_KEY_BT_DISCONNECT_MIN_INNER_RED

.igot.plt       0x000035a4        0x0
 .igot.plt      0x000035a4        0x0 src/c/main.c.49.o

.got            0x000035a4        0x4
 .got           0x000035a4        0x4 src/c/main.c.49.o

.got.plt        0x000035a8        0xc
 .got.plt       0x000035a8        0xc src/c/main.c.49.o
                0x000035a8                _GLOBAL_OFFSET_TABLE_

.bss            0x000035b4      0x334
 *(.bss)
 *(.bss.*)
 .bss.s_accel_subscribed
                0x000035b4        0x1 src/c/main.c.49.o
 .bss.s_subscribed_seconds
                0x000035b5        0x1 src/c/main.c.49.o
 *fill*         0x000035b6        0x2 
 .bss.s_cached_number_font
                0x000035b8        0x4 src/c/main.c.49.o
 .bss.s_ss_marker_inner
                0x000035bc        0x4 src/c/main.c.49.o
 .bss.s_ss_marker_outer
                0x000035c0        0x4 src/c/main.c.49.o
 .bss.s_ss_marker_valid
                0x000035c4        0x1 src/c/main.c.49.o
 *fill*         0x000035c5        0x1 
 .bss.s_sr_marker_inner
                0x000035c6        0x4 src/c/main.c.49.o
 .bss.s_sr_marker_outer
                0x000035ca        0x4 src/c/main.c.49.o
 .bss.s_sr_marker_valid
                0x000035ce        0x1 src/c/main.c.49.o
 .bss.s_num_sizes_cached
                0x000035cf        0x1 src/c/main.c.49.o
 .bss.s_num_sizes
                0x000035d0       0x30 src/c/main.c.49.o
 .bss.s_hour_marker_inner
                0x00003600       0x30 src/c/main.c.49.o
 .bss.s_hour_marker_outer
                0x00003630       0x30 src/c/main.c.49.o
 .bss.s_markers_cached
                0x00003660        0x1 src/c/main.c.49.o
 *fill*         0x00003661        0x1 
 .bss.s_min_marker_inner
                0x00003662       0xf0 src/c/main.c.49.o
 .bss.s_min_marker_outer
                0x00003752       0xf0 src/c/main.c.49.o
 *fill*         0x00003842        0x2 
 .bss.s_tick_tm
                0x00003844       0x30 src/c/main.c.49.o
 .bss.s_sunset_min
                0x00003874        0x1 src/c/main.c.49.o
 .bss.s_sunrise_min
                0x00003875        0x1 src/c/main.c.49.o
 .bss.s_battery_handler_initialized
                0x00003876        0x1 src/c/main.c.49.o
 .bss.s_test_active
                0x00003877        0x1 src/c/main.c.49.o
 .bss.s_test_saved_battery_pct
                0x00003878        0x1 src/c/main.c.49.o
 *fill*         0x00003879        0x3 
 .bss.s_test_timer
                0x0000387c        0x4 src/c/main.c.49.o
 .bss.s_showing_seconds
                0x00003880        0x1 src/c/main.c.49.o
 *fill*         0x00003881        0x3 
 .bss.s_numbers_timer
                0x00003884        0x4 src/c/main.c.49.o
 .bss.s_seconds_timer
                0x00003888        0x4 src/c/main.c.49.o
 .bss.s_shake_timer
                0x0000388c        0x4 src/c/main.c.49.o
 .bss.s_showing_icons
                0x00003890        0x1 src/c/main.c.49.o
 *fill*         0x00003891        0x1 
 .bss.s_temp_c  0x00003892        0x2 src/c/main.c.49.o
 .bss.s_icons   0x00003894       0x18 src/c/main.c.49.o
 .bss.s_settings
                0x000038ac       0x23 src/c/main.c.49.o
 *fill*         0x000038cf        0x1 
 .bss.s_complication_layer
                0x000038d0        0x4 src/c/main.c.49.o
 .bss.s_minute_layer
                0x000038d4        0x4 src/c/main.c.49.o
 .bss.s_hour_layer
                0x000038d8        0x4 src/c/main.c.49.o
 .bss.s_seconds_layer
                0x000038dc        0x4 src/c/main.c.49.o
 .bss.s_bg_layer
                0x000038e0        0x4 src/c/main.c.49.o
 .bss.s_window  0x000038e4        0x4 src/c/main.c.49.o

DISCARD
 libc.a(*)
 libm.a(*)
 libgcc.a(*)
 *(.eh_frame)
OUTPUT(/home/ubuntu/aww2/AWW2/build/aplite/pebble-app.elf elf32-littlearm)
LOAD linker stubs
LOAD /home/ubuntu/.pebble-sdk/SDKs/4.9.169/toolchain/arm-none-eabi/bin/../lib/gcc/arm-none-eabi/14.2.1/../../../../arm-none-eabi/lib/thumb/v7-m/nofp/libc.a
LOAD /home/ubuntu/.pebble-sdk/SDKs/4.9.169/toolchain/arm-none-eabi/bin/../lib/gcc/arm-none-eabi/14.2.1/../../../../arm-none-eabi/lib/thumb/v7-m/nofp/libm.a
LOAD /home/ubuntu/.pebble-sdk/SDKs/4.9.169/toolchain/arm-none-eabi/bin/../lib/gcc/arm-none-eabi/14.2.1/thumb/v7-m/nofp/libgcc.a

.ARM.attributes
                0x00000000       0x29
 .ARM.attributes
                0x00000000       0x1d /home/ubuntu/.pebble-sdk/SDKs/4.9.169/toolchain/arm-none-eabi/bin/../lib/gcc/arm-none-eabi/14.2.1/thumb/v7-m/nofp/crti.o
 .ARM.attributes
                0x0000001d       0x2d /home/ubuntu/.pebble-sdk/SDKs/4.9.169/toolchain/arm-none-eabi/bin/../lib/gcc/arm-none-eabi/14.2.1/thumb/v7-m/nofp/crtbegin.o
 .ARM.attributes
                0x0000004a       0x1b /home/ubuntu/.pebble-sdk/SDKs/4.9.169/toolchain/arm-none-eabi/bin/../lib/gcc/arm-none-eabi/14.2.1/../../../../arm-none-eabi/lib/thumb/v7-m/nofp/crt0.o
 .ARM.attributes
                0x00000065       0x2d src/c/main.c.49.o
 .ARM.attributes
                0x00000092       0x2d aplite/appinfo.auto.c.49.o
 .ARM.attributes
                0x000000bf       0x2d aplite/src/resource_ids.auto.c.49.o
 .ARM.attributes
                0x000000ec       0x2d src/message_keys.auto.c.49.o
 .ARM.attributes
                0x00000119       0x21 /home/ubuntu/.pebble-sdk/SDKs/current/sdk-core/pebble/aplite/lib/libpebble.a(tmp7jpKUopebble.o)
 .ARM.attributes
                0x0000013a       0x1d /home/ubuntu/.pebble-sdk/SDKs/4.9.169/toolchain/arm-none-eabi/bin/../lib/gcc/arm-none-eabi/14.2.1/thumb/v7-m/nofp/libgcc.a(_aeabi_ldivmod.o)
 .ARM.attributes
                0x00000157       0x2d /home/ubuntu/.pebble-sdk/SDKs/4.9.169/toolchain/arm-none-eabi/bin/../lib/gcc/arm-none-eabi/14.2.1/thumb/v7-m/nofp/libgcc.a(_udivmoddi4.o)
 .ARM.attributes
                0x00000184       0x1d /home/ubuntu/.pebble-sdk/SDKs/4.9.169/toolchain/arm-none-eabi/bin/../lib/gcc/arm-none-eabi/14.2.1/thumb/v7-m/nofp/libgcc.a(_dvmd_tls.o)
 .ARM.attributes
                0x000001a1       0x2d /home/ubuntu/.pebble-sdk/SDKs/4.9.169/toolchain/arm-none-eabi/bin/../lib/gcc/arm-none-eabi/14.2.1/../../../../arm-none-eabi/lib/thumb/v7-m/nofp/libc.a(libc_a-atexit.o)
 .ARM.attributes
                0x000001ce       0x2d /home/ubuntu/.pebble-sdk/SDKs/4.9.169/toolchain/arm-none-eabi/bin/../lib/gcc/arm-none-eabi/14.2.1/../../../../arm-none-eabi/lib/thumb/v7-m/nofp/libc.a(libc_a-exit.o)
 .ARM.attributes
                0x000001fb       0x2d /home/ubuntu/.pebble-sdk/SDKs/4.9.169/toolchain/arm-none-eabi/bin/../lib/gcc/arm-none-eabi/14.2.1/../../../../arm-none-eabi/lib/thumb/v7-m/nofp/libc.a(libc_a-findfp.o)
 .ARM.attributes
                0x00000228       0x2d /home/ubuntu/.pebble-sdk/SDKs/4.9.169/toolchain/arm-none-eabi/bin/../lib/gcc/arm-none-eabi/14.2.1/../../../../arm-none-eabi/lib/thumb/v7-m/nofp/libc.a(libc_a-fwalk.o)
 .ARM.attributes
                0x00000255       0x2d /home/ubuntu/.pebble-sdk/SDKs/4.9.169/toolchain/arm-none-eabi/bin/../lib/gcc/arm-none-eabi/14.2.1/../../../../arm-none-eabi/lib/thumb/v7-m/nofp/libc.a(libc_a-stdio.o)
 .ARM.attributes
                0x00000282       0x2d /home/ubuntu/.pebble-sdk/SDKs/4.9.169/toolchain/arm-none-eabi/bin/../lib/gcc/arm-none-eabi/14.2.1/../../../../arm-none-eabi/lib/thumb/v7-m/nofp/libc.a(libc_a-closer.o)
 .ARM.attributes
                0x000002af       0x2d /home/ubuntu/.pebble-sdk/SDKs/4.9.169/toolchain/arm-none-eabi/bin/../lib/gcc/arm-none-eabi/14.2.1/../../../../arm-none-eabi/lib/thumb/v7-m/nofp/libc.a(libc_a-reent.o)
 .ARM.attributes
                0x000002dc       0x2d /home/ubuntu/.pebble-sdk/SDKs/4.9.169/toolchain/arm-none-eabi/bin/../lib/gcc/arm-none-eabi/14.2.1/../../../../arm-none-eabi/lib/thumb/v7-m/nofp/libc.a(libc_a-impure.o)
 .ARM.attributes
                0x00000309       0x2d /home/ubuntu/.pebble-sdk/SDKs/4.9.169/toolchain/arm-none-eabi/bin/../lib/gcc/arm-none-eabi/14.2.1/../../../../arm-none-eabi/lib/thumb/v7-m/nofp/libc.a(libc_a-lseekr.o)
 .ARM.attributes
                0x00000336       0x2d /home/ubuntu/.pebble-sdk/SDKs/4.9.169/toolchain/arm-none-eabi/bin/../lib/gcc/arm-none-eabi/14.2.1/../../../../arm-none-eabi/lib/thumb/v7-m/nofp/libc.a(libc_a-readr.o)
 .ARM.attributes
                0x00000363       0x2d /home/ubuntu/.pebble-sdk/SDKs/4.9.169/toolchain/arm-none-eabi/bin/../lib/gcc/arm-none-eabi/14.2.1/../../../../arm-none-eabi/lib/thumb/v7-m/nofp/libc.a(libc_a-writer.o)
 .ARM.attributes
                0x00000390       0x2d /home/ubuntu/.pebble-sdk/SDKs/4.9.169/toolchain/arm-none-eabi/bin/../lib/gcc/arm-none-eabi/14.2.1/../../../../arm-none-eabi/lib/thumb/v7-m/nofp/libc.a(libc_a-init.o)
 .ARM.attributes
                0x000003bd       0x2d /home/ubuntu/.pebble-sdk/SDKs/4.9.169/toolchain/arm-none-eabi/bin/../lib/gcc/arm-none-eabi/14.2.1/../../../../arm-none-eabi/lib/thumb/v7-m/nofp/libc.a(libc_a-fini.o)
 .ARM.attributes
                0x000003ea       0x2d /home/ubuntu/.pebble-sdk/SDKs/4.9.169/toolchain/arm-none-eabi/bin/../lib/gcc/arm-none-eabi/14.2.1/../../../../arm-none-eabi/lib/thumb/v7-m/nofp/libc.a(libc_a-lock.o)
 .ARM.attributes
                0x00000417       0x2d /home/ubuntu/.pebble-sdk/SDKs/4.9.169/toolchain/arm-none-eabi/bin/../lib/gcc/arm-none-eabi/14.2.1/../../../../arm-none-eabi/lib/thumb/v7-m/nofp/libc.a(libc_a-__atexit.o)
 .ARM.attributes
                0x00000444       0x2d /home/ubuntu/.pebble-sdk/SDKs/4.9.169/toolchain/arm-none-eabi/bin/../lib/gcc/arm-none-eabi/14.2.1/../../../../arm-none-eabi/lib/thumb/v7-m/nofp/libc.a(libc_a-__call_atexit.o)
 .ARM.attributes
                0x00000471       0x2d /home/ubuntu/.pebble-sdk/SDKs/4.9.169/toolchain/arm-none-eabi/bin/../lib/gcc/arm-none-eabi/14.2.1/../../../../arm-none-eabi/lib/thumb/v7-m/nofp/libc.a(libc_a-freer.o)
 .ARM.attributes
                0x0000049e       0x2d /home/ubuntu/.pebble-sdk/SDKs/4.9.169/toolchain/arm-none-eabi/bin/../lib/gcc/arm-none-eabi/14.2.1/../../../../arm-none-eabi/lib/thumb/v7-m/nofp/libc.a(libc_a-mallocr.o)
 .ARM.attributes
                0x000004cb       0x2d /home/ubuntu/.pebble-sdk/SDKs/4.9.169/toolchain/arm-none-eabi/bin/../lib/gcc/arm-none-eabi/14.2.1/../../../../arm-none-eabi/lib/thumb/v7-m/nofp/libc.a(libc_a-mlock.o)
 .ARM.attributes
                0x000004f8       0x2d /home/ubuntu/.pebble-sdk/SDKs/4.9.169/toolchain/arm-none-eabi/bin/../lib/gcc/arm-none-eabi/14.2.1/../../../../arm-none-eabi/lib/thumb/v7-m/nofp/libc.a(libc_a-fclose.o)
 .ARM.attributes
                0x00000525       0x2d /home/ubuntu/.pebble-sdk/SDKs/4.9.169/toolchain/arm-none-eabi/bin/../lib/gcc/arm-none-eabi/14.2.1/../../../../arm-none-eabi/lib/thumb/v7-m/nofp/libc.a(libc_a-fflush.o)
 .ARM.attributes
                0x00000552       0x2d /home/ubuntu/.pebble-sdk/SDKs/4.9.169/toolchain/arm-none-eabi/bin/../lib/gcc/arm-none-eabi/14.2.1/../../../../arm-none-eabi/lib/thumb/v7-m/nofp/libc.a(libc_a-sbrkr.o)
 .ARM.attributes
                0x0000057f       0x2d /home/ubuntu/.pebble-sdk/SDKs/4.9.169/toolchain/arm-none-eabi/bin/../lib/gcc/arm-none-eabi/14.2.1/../../../../arm-none-eabi/lib/thumb/v7-m/nofp/libc.a(libc_a-sysconf.o)
 .ARM.attributes
                0x000005ac       0x2d /home/ubuntu/.pebble-sdk/SDKs/4.9.169/toolchain/arm-none-eabi/bin/../lib/gcc/arm-none-eabi/14.2.1/../../../../arm-none-eabi/lib/thumb/v7-m/nofp/libc.a(libc_a-errno.o)
 .ARM.attributes
                0x000005d9       0x2d /home/ubuntu/.pebble-sdk/SDKs/4.9.169/toolchain/arm-none-eabi/bin/../lib/gcc/arm-none-eabi/14.2.1/thumb/v7-m/nofp/crtend.o
 .ARM.attributes
                0x00000606       0x1d /home/ubuntu/.pebble-sdk/SDKs/4.9.169/toolchain/arm-none-eabi/bin/../lib/gcc/arm-none-eabi/14.2.1/thumb/v7-m/nofp/crtn.o

.comment        0x00000000       0x39
 .comment       0x00000000       0x39 /home/ubuntu/.pebble-sdk/SDKs/4.9.169/toolchain/arm-none-eabi/bin/../lib/gcc/arm-none-eabi/14.2.1/thumb/v7-m/nofp/crtbegin.o
                                 0x3a (size before relaxing)
 .comment       0x00000039       0x3a src/c/main.c.49.o
 .comment       0x00000039       0x3a aplite/appinfo.auto.c.49.o
 .comment       0x00000039       0x3a aplite/src/resource_ids.auto.c.49.o
 .comment       0x00000039       0x3a src/message_keys.auto.c.49.o
 .comment       0x00000039       0x3a /home/ubuntu/.pebble-sdk/SDKs/4.9.169/toolchain/arm-none-eabi/bin/../lib/gcc/arm-none-eabi/14.2.1/thumb/v7-m/nofp/libgcc.a(_udivmoddi4.o)
 .comment       0x00000039       0x3a /home/ubuntu/.pebble-sdk/SDKs/4.9.169/toolchain/arm-none-eabi/bin/../lib/gcc/arm-none-eabi/14.2.1/../../../../arm-none-eabi/lib/thumb/v7-m/nofp/libc.a(libc_a-atexit.o)
 .comment       0x00000039       0x3a /home/ubuntu/.pebble-sdk/SDKs/4.9.169/toolchain/arm-none-eabi/bin/../lib/gcc/arm-none-eabi/14.2.1/../../../../arm-none-eabi/lib/thumb/v7-m/nofp/libc.a(libc_a-exit.o)
 .comment       0x00000039       0x3a /home/ubuntu/.pebble-sdk/SDKs/4.9.169/toolchain/arm-none-eabi/bin/../lib/gcc/arm-none-eabi/14.2.1/../../../../arm-none-eabi/lib/thumb/v7-m/nofp/libc.a(libc_a-findfp.o)
 .comment       0x00000039       0x3a /home/ubuntu/.pebble-sdk/SDKs/4.9.169/toolchain/arm-none-eabi/bin/../lib/gcc/arm-none-eabi/14.2.1/../../../../arm-none-eabi/lib/thumb/v7-m/nofp/libc.a(libc_a-fwalk.o)
 .comment       0x00000039       0x3a /home/ubuntu/.pebble-sdk/SDKs/4.9.169/toolchain/arm-none-eabi/bin/../lib/gcc/arm-none-eabi/14.2.1/../../../../arm-none-eabi/lib/thumb/v7-m/nofp/libc.a(libc_a-stdio.o)
 .comment       0x00000039       0x3a /home/ubuntu/.pebble-sdk/SDKs/4.9.169/toolchain/arm-none-eabi/bin/../lib/gcc/arm-none-eabi/14.2.1/../../../../arm-none-eabi/lib/thumb/v7-m/nofp/libc.a(libc_a-closer.o)
 .comment       0x00000039       0x3a /home/ubuntu/.pebble-sdk/SDKs/4.9.169/toolchain/arm-none-eabi/bin/../lib/gcc/arm-none-eabi/14.2.1/../../../../arm-none-eabi/lib/thumb/v7-m/nofp/libc.a(libc_a-reent.o)
 .comment       0x00000039       0x3a /home/ubuntu/.pebble-sdk/SDKs/4.9.169/toolchain/arm-none-eabi/bin/../lib/gcc/arm-none-eabi/14.2.1/../../../../arm-none-eabi/lib/thumb/v7-m/nofp/libc.a(libc_a-impure.o)
 .comment       0x00000039       0x3a /home/ubuntu/.pebble-sdk/SDKs/4.9.169/toolchain/arm-none-eabi/bin/../lib/gcc/arm-none-eabi/14.2.1/../../../../arm-none-eabi/lib/thumb/v7-m/nofp/libc.a(libc_a-lseekr.o)
 .comment       0x00000039       0x3a /home/ubuntu/.pebble-sdk/SDKs/4.9.169/toolchain/arm-none-eabi/bin/../lib/gcc/arm-none-eabi/14.2.1/../../../../arm-none-eabi/lib/thumb/v7-m/nofp/libc.a(libc_a-readr.o)
 .comment       0x00000039       0x3a /home/ubuntu/.pebble-sdk/SDKs/4.9.169/toolchain/arm-none-eabi/bin/../lib/gcc/arm-none-eabi/14.2.1/../../../../arm-none-eabi/lib/thumb/v7-m/nofp/libc.a(libc_a-writer.o)
 .comment       0x00000039       0x3a /home/ubuntu/.pebble-sdk/SDKs/4.9.169/toolchain/arm-none-eabi/bin/../lib/gcc/arm-none-eabi/14.2.1/../../../../arm-none-eabi/lib/thumb/v7-m/nofp/libc.a(libc_a-init.o)
 .comment       0x00000039       0x3a /home/ubuntu/.pebble-sdk/SDKs/4.9.169/toolchain/arm-none-eabi/bin/../lib/gcc/arm-none-eabi/14.2.1/../../../../arm-none-eabi/lib/thumb/v7-m/nofp/libc.a(libc_a-fini.o)
 .comment       0x00000039       0x3a /home/ubuntu/.pebble-sdk/SDKs/4.9.169/toolchain/arm-none-eabi/bin/../lib/gcc/arm-none-eabi/14.2.1/../../../../arm-none-eabi/lib/thumb/v7-m/nofp/libc.a(libc_a-lock.o)
 .comment       0x00000039       0x3a /home/ubuntu/.pebble-sdk/SDKs/4.9.169/toolchain/arm-none-eabi/bin/../lib/gcc/arm-none-eabi/14.2.1/../../../../arm-none-eabi/lib/thumb/v7-m/nofp/libc.a(libc_a-__atexit.o)
 .comment       0x00000039       0x3a /home/ubuntu/.pebble-sdk/SDKs/4.9.169/toolchain/arm-none-eabi/bin/../lib/gcc/arm-none-eabi/14.2.1/../../../../arm-none-eabi/lib/thumb/v7-m/nofp/libc.a(libc_a-__call_atexit.o)
 .comment       0x00000039       0x3a /home/ubuntu/.pebble-sdk/SDKs/4.9.169/toolchain/arm-none-eabi/bin/../lib/gcc/arm-none-eabi/14.2.1/../../../../arm-none-eabi/lib/thumb/v7-m/nofp/libc.a(libc_a-freer.o)
 .comment       0x00000039       0x3a /home/ubuntu/.pebble-sdk/SDKs/4.9.169/toolchain/arm-none-eabi/bin/../lib/gcc/arm-none-eabi/14.2.1/../../../../arm-none-eabi/lib/thumb/v7-m/nofp/libc.a(libc_a-mallocr.o)
 .comment       0x00000039       0x3a /home/ubuntu/.pebble-sdk/SDKs/4.9.169/toolchain/arm-none-eabi/bin/../lib/gcc/arm-none-eabi/14.2.1/../../../../arm-none-eabi/lib/thumb/v7-m/nofp/libc.a(libc_a-mlock.o)
 .comment       0x00000039       0x3a /home/ubuntu/.pebble-sdk/SDKs/4.9.169/toolchain/arm-none-eabi/bin/../lib/gcc/arm-none-eabi/14.2.1/../../../../arm-none-eabi/lib/thumb/v7-m/nofp/libc.a(libc_a-fclose.o)
 .comment       0x00000039       0x3a /home/ubuntu/.pebble-sdk/SDKs/4.9.169/toolchain/arm-none-eabi/bin/../lib/gcc/arm-none-eabi/14.2.1/../../../../arm-none-eabi/lib/thumb/v7-m/nofp/libc.a(libc_a-fflush.o)
 .comment       0x00000039       0x3a /home/ubuntu/.pebble-sdk/SDKs/4.9.169/toolchain/arm-none-eabi/bin/../lib/gcc/arm-none-eabi/14.2.1/../../../../arm-none-eabi/lib/thumb/v7-m/nofp/libc.a(libc_a-sbrkr.o)
 .comment       0x00000039       0x3a /home/ubuntu/.pebble-sdk/SDKs/4.9.169/toolchain/arm-none-eabi/bin/../lib/gcc/arm-none-eabi/14.2.1/../../../../arm-none-eabi/lib/thumb/v7-m/nofp/libc.a(libc_a-sysconf.o)
 .comment       0x00000039       0x3a /home/ubuntu/.pebble-sdk/SDKs/4.9.169/toolchain/arm-none-eabi/bin/../lib/gcc/arm-none-eabi/14.2.1/../../../../arm-none-eabi/lib/thumb/v7-m/nofp/libc.a(libc_a-errno.o)
 .comment       0x00000039       0x3a /home/ubuntu/.pebble-sdk/SDKs/4.9.169/toolchain/arm-none-eabi/bin/../lib/gcc/arm-none-eabi/14.2.1/thumb/v7-m/nofp/crtend.o

.debug_info     0x00000000     0x58af
 .debug_info    0x00000000     0x4d77 src/c/main.c.49.o
 .debug_info    0x00004d77      0x33e aplite/appinfo.auto.c.49.o
 .debug_info    0x000050b5      0x10d aplite/src/resource_ids.auto.c.49.o
 .debug_info    0x000051c2      0x6ed src/message_keys.auto.c.49.o

.debug_abbrev   0x00000000      0x712
 .debug_abbrev  0x00000000      0x5c5 src/c/main.c.49.o
 .debug_abbrev  0x000005c5       0xb9 aplite/appinfo.auto.c.49.o
 .debug_abbrev  0x0000067e       0x4a aplite/src/resource_ids.auto.c.49.o
 .debug_abbrev  0x000006c8       0x4a src/message_keys.auto.c.49.o

.debug_loclists
                0x00000000     0x46f9
 .debug_loclists
                0x00000000     0x46f9 src/c/main.c.49.o

.debug_aranges  0x00000000      0x148
 .debug_aranges
                0x00000000      0x100 src/c/main.c.49.o
 .debug_aranges
                0x00000100       0x18 aplite/appinfo.auto.c.49.o
 .debug_aranges
                0x00000118       0x18 aplite/src/resource_ids.auto.c.49.o
 .debug_aranges
                0x00000130       0x18 src/message_keys.auto.c.49.o

.debug_rnglists
                0x00000000      0x428
 .debug_rnglists
                0x00000000      0x428 src/c/main.c.49.o

.debug_line     0x00000000     0x3252
 .debug_line    0x00000000     0x2ecc src/c/main.c.49.o
 .debug_line    0x00002ecc      0x165 aplite/appinfo.auto.c.49.o
 .debug_line    0x00003031      0x114 aplite/src/resource_ids.auto.c.49.o
 .debug_line    0x00003145      0x10d src/message_keys.auto.c.49.o

.debug_str      0x00000000     0x2c87
 .debug_str     0x00000000     0x2c87 src/c/main.c.49.o
                               0x1d46 (size before relaxing)
 .debug_str     0x00002c87      0x4bf aplite/appinfo.auto.c.49.o
 .debug_str     0x00002c87      0x2b4 aplite/src/resource_ids.auto.c.49.o
 .debug_str     0x00002c87      0xd78 src/message_keys.auto.c.49.o

.debug_frame    0x00000000      0x40c
 .debug_frame   0x00000000      0x40c src/c/main.c.49.o
